Listening on 8080
GET /health
GET /hello
GET /status
POST /echo
GET /route/000
GET /route/001
GET /route/002
GET /route/003
GET /route/004
GET /route/005
GET /route/006
GET /route/007
GET /route/008
GET /route/009
GET /route/010
GET /route/011
GET /route/012
GET /route/013
GET /route/014
GET /route/015
GET /route/016
GET /route/017
GET /route/018
GET /route/019
GET /route/020
GET /route/021
GET /route/022
GET /route/023
GET /route/024
GET /route/025
GET /route/026
GET /route/027
GET /route/028
GET /route/029
GET /route/030
GET /route/031
GET /route/032
GET /route/033
GET /route/034
GET /route/035
GET /route/036
GET /route/037
GET /route/038
GET /route/039
GET /route/040
GET /route/041
GET /route/042
GET /route/043
GET /route/044
GET /route/045
GET /route/046
GET /route/047
GET /route/048
GET /route/049
GET /route/050
GET /route/051
GET /route/052
GET /route/053
GET /route/054
GET /route/055
GET /route/056
GET /route/057
GET /route/058
GET /route/059
GET /route/060
GET /route/061
GET /route/062
GET /route/063
GET /route/064
GET /route/065
GET /route/066
GET /route/067
GET /route/068
GET /route/069
GET /route/070
GET /route/071
GET /route/072
GET /route/073
GET /route/074
GET /route/075
GET /route/076
GET /route/077
GET /route/078
GET /route/079
GET /route/080
GET /route/081
GET /route/082
GET /route/083
GET /route/084
GET /route/085
GET /route/086
GET /route/087
GET /route/088
GET /route/089
GET /route/090
GET /route/091
GET /route/092
GET /route/093
GET /route/094
GET /route/095

ERROR: 'Unexpected fault 'mem::OUT_OF_MEMORY' was unwrapped!', in init (alloc.c3:435)
